
> my-portfolio@0.0.0 build
> vite build

[36mvite v7.3.1 [32mbuilding client environment for production...[36m[39m
transforming...
node.exe : Found 1 warning 
while optimizing generated 
CSS:
At line:1 char:1
+ & "C:\Program 
Files\nodejs/node.exe" 
"C:\Program 
Files\nodejs/node_mo ...
+ ~~~~~~~~~~~~~~~~~~~~~~~~~~
~~~~~~~~~~~~~~~~~~~~~~~~~~~~
~~~~~~~~~~~~~~~
    + CategoryInfo          
    : NotSpecified: (Found  
   1 warning... generated   
  CSS::String) [], Remot    
eException
    + FullyQualifiedErrorId 
    : NativeCommandError
 

[2mΓöé   }[22m
[2mΓöé }[22m
[2mΓöé[22m @import url('ht
tps://fonts.googleapis.com/c
ss2?family=Playfair+Display:
ital,wght@0,400..900;1,400..
900&family=Lato:wght@300;400
;700;900&display=swap');
[2mΓöå[22m        
[33m[2m^--[22m @import 
rules must precede all 
rules aside from @charset 
and @layer statements[39m
[2mΓöå[22m
[2mΓöé body {[22m
[2mΓöé   font-family: 
"Lato", sans-serif;[22m

[32mΓ£ô[39m 35 modules transformed.
[31mΓ£ù[39m Build failed 
in 406ms
[31merror during build:
[31mCould not resolve 
"../assets/hero_pouch.png" 
from 
"src/sections/Home.jsx"[31m
file: [36mC:/Users/anshr/De
sktop/Protfolio1/src/section
s/Home.jsx[31m
    at getRollupError (file:
///C:/Users/anshr/Desktop/Pr
otfolio1/node_modules/rollup
/dist/es/shared/parseAst.js:
402:41)
    at error (file:///C:/Use
rs/anshr/Desktop/Protfolio1/
node_modules/rollup/dist/es/
shared/parseAst.js:398:42)
    at ModuleLoader.handleIn
validResolvedId (file:///C:/
Users/anshr/Desktop/Protfoli
o1/node_modules/rollup/dist/
es/shared/node-entry.js:2168
4:24)
    at file:///C:/Users/ansh
r/Desktop/Protfolio1/node_mo
dules/rollup/dist/es/shared/
node-entry.js:21644:26[39m
